INFO: Initializing raylib 5.5
INFO: Platform backend: DESKTOP (GLFW)
INFO: Supported raylib modules:
INFO:     > rcore:..... loaded (mandatory)
INFO:     > rlgl:...... loaded (mandatory)
INFO:     > rshapes:... loaded (optional)
INFO:     > rtextures:. loaded (optional)
INFO:     > rtext:..... loaded (optional)
INFO:     > rmodels:... loaded (optional)
INFO:     > raudio:.... loaded (optional)
INFO: DISPLAY: Device initialized successfully
INFO:     > Display size: 2560 x 1600
INFO:     > Screen size:  800 x 600
INFO:     > Render size:  800 x 600
INFO:     > Viewport offsets: 0, 0
INFO: GLAD: OpenGL extensions loaded successfully
INFO: GL: Supported extensions count: 403
INFO: GL: OpenGL device information:
INFO:     > Vendor:   NVIDIA Corporation
INFO:     > Renderer: NVIDIA GeForce RTX 5060 Laptop GPU/PCIe/SSE2
INFO:     > Version:  3.3.0 NVIDIA 595.97
INFO:     > GLSL:     3.30 NVIDIA via Cg compiler
INFO: GL: VAO extension detected, VAO functions loaded successfully
INFO: GL: NPOT textures extension detected, full NPOT textures supported
INFO: GL: DXT compressed textures supported
INFO: GL: ETC2/EAC compressed textures supported
INFO: PLATFORM: DESKTOP (GLFW - Win32): Initialized successfully
INFO: TEXTURE: [ID 1] Texture loaded successfully (1x1 | R8G8B8A8 | 1 mipmaps)
INFO: TEXTURE: [ID 1] Default texture loaded successfully
INFO: SHADER: [ID 1] Vertex shader compiled successfully
INFO: SHADER: [ID 2] Fragment shader compiled successfully
INFO: SHADER: [ID 3] Program shader loaded successfully
INFO: SHADER: [ID 3] Default shader loaded successfully
INFO: RLGL: Render batch vertex buffers loaded successfully in RAM (CPU)
INFO: RLGL: Render batch vertex buffers loaded successfully in VRAM (GPU)
INFO: RLGL: Default OpenGL state initialized successfully
INFO: TEXTURE: [ID 2] Texture loaded successfully (128x128 | GRAY_ALPHA | 1 mipmaps)
INFO: FONT: Default font loaded successfully (224 glyphs)
INFO: SYSTEM: Working Directory: C:\Users\wanghan\.vscode\Çò´ò×©¿é\Game
INFO: TIMER: Target time per frame: 16.667 milliseconds
[Network] StartAsHost: entering, port=5555
[Network] StartAsHost: socket() returned 1600
[Network] StartAsHost: SetNonblocking done
[Network] StartAsHost: returning success
[Network] SendPacket: remote address not set, skipping send (len=75)
[NetworkGameMode] SendLocalPlayerInfo: ready=1 mode=1 name='Host'
[Network] SendHello: name='Host' avatar=0 ready=1
[Network] SendPacket: remote address not set, skipping send (len=40)
[NetworkGameMode] StartAsHost: set localReady=1 and broadcast room
[Network] Received 40 bytes from 127.0.0.1:62712
[Network] data: 01 00 00 00 00 00 43 6C 69 65 6E 74 
[Network] MessageType=1, timestamp=0
[Network] SendPacket -> 127.0.0.1:62712, len=40
[Network] out data: 01 00 00 00 00 01 48 6F 73 74 00 00 
[Network] SendPacket -> 127.0.0.1:62712, len=75
[Network] out data: 07 00 00 00 00 48 6F 73 74 00 00 00 
[Network] Received 40 bytes from 127.0.0.1:62712
[Network] data: 01 00 00 00 00 00 43 6C 69 65 6E 74 
[Network] MessageType=1, timestamp=0
[Network] SendPacket -> 127.0.0.1:62712, len=40
[Network] out data: 01 00 00 00 00 01 48 6F 73 74 00 00 
[Network] SendPacket -> 127.0.0.1:62712, len=75
[Network] out data: 07 00 00 00 00 48 6F 73 74 00 00 00 
[Network] Host starting game, level=0
[Network] SendPacket -> 127.0.0.1:62712, len=10
[Network] out data: 04 00 00 00 00 00 00 00 00 01 
